[this week,0,2023-04-03] => 
    Today: 2023-04-03. "this week": Mon 2023-04-03 - Sun 2023-04-09
[this week,0,2023-04-04] => 
    Today: 2023-04-04. "this week": Mon 2023-04-03 - Sun 2023-04-09
[this week,0,2023-04-05] => 
    Today: 2023-04-05. "this week": Mon 2023-04-03 - Sun 2023-04-09
[this week,0,2023-04-06] => 
    Today: 2023-04-06. "this week": Mon 2023-04-03 - Sun 2023-04-09
[this week,0,2023-04-07] => 
    Today: 2023-04-07. "this week": Mon 2023-04-03 - Sun 2023-04-09
[this week,0,2023-04-08] => 
    Today: 2023-04-08. "this week": Mon 2023-04-03 - Sun 2023-04-09
[this week,0,2023-04-09] => 
    Today: 2023-04-09. "this week": Mon 2023-04-03 - Sun 2023-04-09
[this week,0,2023-04-10] => 
    Today: 2023-04-10. "this week": Mon 2023-04-10 - Sun 2023-04-16
[this week,0,2023-04-11] => 
    Today: 2023-04-11. "this week": Mon 2023-04-10 - Sun 2023-04-16
[this week,0,2023-04-12] => 
    Today: 2023-04-12. "this week": Mon 2023-04-10 - Sun 2023-04-16
[this week,0,2023-04-13] => 
    Today: 2023-04-13. "this week": Mon 2023-04-10 - Sun 2023-04-16
[this week,0,2023-04-14] => 
    Today: 2023-04-14. "this week": Mon 2023-04-10 - Sun 2023-04-16
[this week,0,2023-04-15] => 
    Today: 2023-04-15. "this week": Mon 2023-04-10 - Sun 2023-04-16
[this week,0,2023-04-16] => 
    Today: 2023-04-16. "this week": Mon 2023-04-10 - Sun 2023-04-16
[this week,1,2023-04-03] => 
    Today: 2023-04-03. "this week": Tue 2023-03-28 - Mon 2023-04-03
[this week,1,2023-04-04] => 
    Today: 2023-04-04. "this week": Tue 2023-04-04 - Mon 2023-04-10
[this week,1,2023-04-05] => 
    Today: 2023-04-05. "this week": Tue 2023-04-04 - Mon 2023-04-10
[this week,1,2023-04-06] => 
    Today: 2023-04-06. "this week": Tue 2023-04-04 - Mon 2023-04-10
[this week,1,2023-04-07] => 
    Today: 2023-04-07. "this week": Tue 2023-04-04 - Mon 2023-04-10
[this week,1,2023-04-08] => 
    Today: 2023-04-08. "this week": Tue 2023-04-04 - Mon 2023-04-10
[this week,1,2023-04-09] => 
    Today: 2023-04-09. "this week": Tue 2023-04-04 - Mon 2023-04-10
[this week,1,2023-04-10] => 
    Today: 2023-04-10. "this week": Tue 2023-04-04 - Mon 2023-04-10
[this week,1,2023-04-11] => 
    Today: 2023-04-11. "this week": Tue 2023-04-11 - Mon 2023-04-17
[this week,1,2023-04-12] => 
    Today: 2023-04-12. "this week": Tue 2023-04-11 - Mon 2023-04-17
[this week,1,2023-04-13] => 
    Today: 2023-04-13. "this week": Tue 2023-04-11 - Mon 2023-04-17
[this week,1,2023-04-14] => 
    Today: 2023-04-14. "this week": Tue 2023-04-11 - Mon 2023-04-17
[this week,1,2023-04-15] => 
    Today: 2023-04-15. "this week": Tue 2023-04-11 - Mon 2023-04-17
[this week,1,2023-04-16] => 
    Today: 2023-04-16. "this week": Tue 2023-04-11 - Mon 2023-04-17
[this week,2,2023-04-03] => 
    Today: 2023-04-03. "this week": Wed 2023-03-29 - Tue 2023-04-04
[this week,2,2023-04-04] => 
    Today: 2023-04-04. "this week": Wed 2023-03-29 - Tue 2023-04-04
[this week,2,2023-04-05] => 
    Today: 2023-04-05. "this week": Wed 2023-04-05 - Tue 2023-04-11
[this week,2,2023-04-06] => 
    Today: 2023-04-06. "this week": Wed 2023-04-05 - Tue 2023-04-11
[this week,2,2023-04-07] => 
    Today: 2023-04-07. "this week": Wed 2023-04-05 - Tue 2023-04-11
[this week,2,2023-04-08] => 
    Today: 2023-04-08. "this week": Wed 2023-04-05 - Tue 2023-04-11
[this week,2,2023-04-09] => 
    Today: 2023-04-09. "this week": Wed 2023-04-05 - Tue 2023-04-11
[this week,2,2023-04-10] => 
    Today: 2023-04-10. "this week": Wed 2023-04-05 - Tue 2023-04-11
[this week,2,2023-04-11] => 
    Today: 2023-04-11. "this week": Wed 2023-04-05 - Tue 2023-04-11
[this week,2,2023-04-12] => 
    Today: 2023-04-12. "this week": Wed 2023-04-12 - Tue 2023-04-18
[this week,2,2023-04-13] => 
    Today: 2023-04-13. "this week": Wed 2023-04-12 - Tue 2023-04-18
[this week,2,2023-04-14] => 
    Today: 2023-04-14. "this week": Wed 2023-04-12 - Tue 2023-04-18
[this week,2,2023-04-15] => 
    Today: 2023-04-15. "this week": Wed 2023-04-12 - Tue 2023-04-18
[this week,2,2023-04-16] => 
    Today: 2023-04-16. "this week": Wed 2023-04-12 - Tue 2023-04-18
[this week,3,2023-04-03] => 
    Today: 2023-04-03. "this week": Thu 2023-03-30 - Wed 2023-04-05
[this week,3,2023-04-04] => 
    Today: 2023-04-04. "this week": Thu 2023-03-30 - Wed 2023-04-05
[this week,3,2023-04-05] => 
    Today: 2023-04-05. "this week": Thu 2023-03-30 - Wed 2023-04-05
[this week,3,2023-04-06] => 
    Today: 2023-04-06. "this week": Thu 2023-04-06 - Wed 2023-04-12
[this week,3,2023-04-07] => 
    Today: 2023-04-07. "this week": Thu 2023-04-06 - Wed 2023-04-12
[this week,3,2023-04-08] => 
    Today: 2023-04-08. "this week": Thu 2023-04-06 - Wed 2023-04-12
[this week,3,2023-04-09] => 
    Today: 2023-04-09. "this week": Thu 2023-04-06 - Wed 2023-04-12
[this week,3,2023-04-10] => 
    Today: 2023-04-10. "this week": Thu 2023-04-06 - Wed 2023-04-12
[this week,3,2023-04-11] => 
    Today: 2023-04-11. "this week": Thu 2023-04-06 - Wed 2023-04-12
[this week,3,2023-04-12] => 
    Today: 2023-04-12. "this week": Thu 2023-04-06 - Wed 2023-04-12
[this week,3,2023-04-13] => 
    Today: 2023-04-13. "this week": Thu 2023-04-13 - Wed 2023-04-19
[this week,3,2023-04-14] => 
    Today: 2023-04-14. "this week": Thu 2023-04-13 - Wed 2023-04-19
[this week,3,2023-04-15] => 
    Today: 2023-04-15. "this week": Thu 2023-04-13 - Wed 2023-04-19
[this week,3,2023-04-16] => 
    Today: 2023-04-16. "this week": Thu 2023-04-13 - Wed 2023-04-19
[this week,4,2023-04-03] => 
    Today: 2023-04-03. "this week": Fri 2023-03-31 - Thu 2023-04-06
[this week,4,2023-04-04] => 
    Today: 2023-04-04. "this week": Fri 2023-03-31 - Thu 2023-04-06
[this week,4,2023-04-05] => 
    Today: 2023-04-05. "this week": Fri 2023-03-31 - Thu 2023-04-06
[this week,4,2023-04-06] => 
    Today: 2023-04-06. "this week": Fri 2023-03-31 - Thu 2023-04-06
[this week,4,2023-04-07] => 
    Today: 2023-04-07. "this week": Fri 2023-04-07 - Thu 2023-04-13
[this week,4,2023-04-08] => 
    Today: 2023-04-08. "this week": Fri 2023-04-07 - Thu 2023-04-13
[this week,4,2023-04-09] => 
    Today: 2023-04-09. "this week": Fri 2023-04-07 - Thu 2023-04-13
[this week,4,2023-04-10] => 
    Today: 2023-04-10. "this week": Fri 2023-04-07 - Thu 2023-04-13
[this week,4,2023-04-11] => 
    Today: 2023-04-11. "this week": Fri 2023-04-07 - Thu 2023-04-13
[this week,4,2023-04-12] => 
    Today: 2023-04-12. "this week": Fri 2023-04-07 - Thu 2023-04-13
[this week,4,2023-04-13] => 
    Today: 2023-04-13. "this week": Fri 2023-04-07 - Thu 2023-04-13
[this week,4,2023-04-14] => 
    Today: 2023-04-14. "this week": Fri 2023-04-14 - Thu 2023-04-20
[this week,4,2023-04-15] => 
    Today: 2023-04-15. "this week": Fri 2023-04-14 - Thu 2023-04-20
[this week,4,2023-04-16] => 
    Today: 2023-04-16. "this week": Fri 2023-04-14 - Thu 2023-04-20
[this week,5,2023-04-03] => 
    Today: 2023-04-03. "this week": Sat 2023-04-01 - Fri 2023-04-07
[this week,5,2023-04-04] => 
    Today: 2023-04-04. "this week": Sat 2023-04-01 - Fri 2023-04-07
[this week,5,2023-04-05] => 
    Today: 2023-04-05. "this week": Sat 2023-04-01 - Fri 2023-04-07
[this week,5,2023-04-06] => 
    Today: 2023-04-06. "this week": Sat 2023-04-01 - Fri 2023-04-07
[this week,5,2023-04-07] => 
    Today: 2023-04-07. "this week": Sat 2023-04-01 - Fri 2023-04-07
[this week,5,2023-04-08] => 
    Today: 2023-04-08. "this week": Sat 2023-04-08 - Fri 2023-04-14
[this week,5,2023-04-09] => 
    Today: 2023-04-09. "this week": Sat 2023-04-08 - Fri 2023-04-14
[this week,5,2023-04-10] => 
    Today: 2023-04-10. "this week": Sat 2023-04-08 - Fri 2023-04-14
[this week,5,2023-04-11] => 
    Today: 2023-04-11. "this week": Sat 2023-04-08 - Fri 2023-04-14
[this week,5,2023-04-12] => 
    Today: 2023-04-12. "this week": Sat 2023-04-08 - Fri 2023-04-14
[this week,5,2023-04-13] => 
    Today: 2023-04-13. "this week": Sat 2023-04-08 - Fri 2023-04-14
[this week,5,2023-04-14] => 
    Today: 2023-04-14. "this week": Sat 2023-04-08 - Fri 2023-04-14
[this week,5,2023-04-15] => 
    Today: 2023-04-15. "this week": Sat 2023-04-15 - Fri 2023-04-21
[this week,5,2023-04-16] => 
    Today: 2023-04-16. "this week": Sat 2023-04-15 - Fri 2023-04-21
[this week,6,2023-04-03] => 
    Today: 2023-04-03. "this week": Sun 2023-04-02 - Sat 2023-04-08
[this week,6,2023-04-04] => 
    Today: 2023-04-04. "this week": Sun 2023-04-02 - Sat 2023-04-08
[this week,6,2023-04-05] => 
    Today: 2023-04-05. "this week": Sun 2023-04-02 - Sat 2023-04-08
[this week,6,2023-04-06] => 
    Today: 2023-04-06. "this week": Sun 2023-04-02 - Sat 2023-04-08
[this week,6,2023-04-07] => 
    Today: 2023-04-07. "this week": Sun 2023-04-02 - Sat 2023-04-08
[this week,6,2023-04-08] => 
    Today: 2023-04-08. "this week": Sun 2023-04-02 - Sat 2023-04-08
[this week,6,2023-04-09] => 
    Today: 2023-04-09. "this week": Sun 2023-04-09 - Sat 2023-04-15
[this week,6,2023-04-10] => 
    Today: 2023-04-10. "this week": Sun 2023-04-09 - Sat 2023-04-15
[this week,6,2023-04-11] => 
    Today: 2023-04-11. "this week": Sun 2023-04-09 - Sat 2023-04-15
[this week,6,2023-04-12] => 
    Today: 2023-04-12. "this week": Sun 2023-04-09 - Sat 2023-04-15
[this week,6,2023-04-13] => 
    Today: 2023-04-13. "this week": Sun 2023-04-09 - Sat 2023-04-15
[this week,6,2023-04-14] => 
    Today: 2023-04-14. "this week": Sun 2023-04-09 - Sat 2023-04-15
[this week,6,2023-04-15] => 
    Today: 2023-04-15. "this week": Sun 2023-04-09 - Sat 2023-04-15
[this week,6,2023-04-16] => 
    Today: 2023-04-16. "this week": Sun 2023-04-16 - Sat 2023-04-22
[next week,0,2023-04-03] => 
    Today: 2023-04-03. "next week": Mon 2023-04-10 - Sun 2023-04-16
[next week,0,2023-04-04] => 
    Today: 2023-04-04. "next week": Mon 2023-04-10 - Sun 2023-04-16
[next week,0,2023-04-05] => 
    Today: 2023-04-05. "next week": Mon 2023-04-10 - Sun 2023-04-16
[next week,0,2023-04-06] => 
    Today: 2023-04-06. "next week": Mon 2023-04-10 - Sun 2023-04-16
[next week,0,2023-04-07] => 
    Today: 2023-04-07. "next week": Mon 2023-04-10 - Sun 2023-04-16
[next week,0,2023-04-08] => 
    Today: 2023-04-08. "next week": Mon 2023-04-10 - Sun 2023-04-16
[next week,0,2023-04-09] => 
    Today: 2023-04-09. "next week": Mon 2023-04-10 - Sun 2023-04-16
[next week,0,2023-04-10] => 
    Today: 2023-04-10. "next week": Mon 2023-04-17 - Sun 2023-04-23
[next week,0,2023-04-11] => 
    Today: 2023-04-11. "next week": Mon 2023-04-17 - Sun 2023-04-23
[next week,0,2023-04-12] => 
    Today: 2023-04-12. "next week": Mon 2023-04-17 - Sun 2023-04-23
[next week,0,2023-04-13] => 
    Today: 2023-04-13. "next week": Mon 2023-04-17 - Sun 2023-04-23
[next week,0,2023-04-14] => 
    Today: 2023-04-14. "next week": Mon 2023-04-17 - Sun 2023-04-23
[next week,0,2023-04-15] => 
    Today: 2023-04-15. "next week": Mon 2023-04-17 - Sun 2023-04-23
[next week,0,2023-04-16] => 
    Today: 2023-04-16. "next week": Mon 2023-04-17 - Sun 2023-04-23
[next week,1,2023-04-03] => 
    Today: 2023-04-03. "next week": Tue 2023-04-04 - Mon 2023-04-10
[next week,1,2023-04-04] => 
    Today: 2023-04-04. "next week": Tue 2023-04-11 - Mon 2023-04-17
[next week,1,2023-04-05] => 
    Today: 2023-04-05. "next week": Tue 2023-04-11 - Mon 2023-04-17
[next week,1,2023-04-06] => 
    Today: 2023-04-06. "next week": Tue 2023-04-11 - Mon 2023-04-17
[next week,1,2023-04-07] => 
    Today: 2023-04-07. "next week": Tue 2023-04-11 - Mon 2023-04-17
[next week,1,2023-04-08] => 
    Today: 2023-04-08. "next week": Tue 2023-04-11 - Mon 2023-04-17
[next week,1,2023-04-09] => 
    Today: 2023-04-09. "next week": Tue 2023-04-11 - Mon 2023-04-17
[next week,1,2023-04-10] => 
    Today: 2023-04-10. "next week": Tue 2023-04-11 - Mon 2023-04-17
[next week,1,2023-04-11] => 
    Today: 2023-04-11. "next week": Tue 2023-04-18 - Mon 2023-04-24
[next week,1,2023-04-12] => 
    Today: 2023-04-12. "next week": Tue 2023-04-18 - Mon 2023-04-24
[next week,1,2023-04-13] => 
    Today: 2023-04-13. "next week": Tue 2023-04-18 - Mon 2023-04-24
[next week,1,2023-04-14] => 
    Today: 2023-04-14. "next week": Tue 2023-04-18 - Mon 2023-04-24
[next week,1,2023-04-15] => 
    Today: 2023-04-15. "next week": Tue 2023-04-18 - Mon 2023-04-24
[next week,1,2023-04-16] => 
    Today: 2023-04-16. "next week": Tue 2023-04-18 - Mon 2023-04-24
[next week,2,2023-04-03] => 
    Today: 2023-04-03. "next week": Wed 2023-04-05 - Tue 2023-04-11
[next week,2,2023-04-04] => 
    Today: 2023-04-04. "next week": Wed 2023-04-05 - Tue 2023-04-11
[next week,2,2023-04-05] => 
    Today: 2023-04-05. "next week": Wed 2023-04-12 - Tue 2023-04-18
[next week,2,2023-04-06] => 
    Today: 2023-04-06. "next week": Wed 2023-04-12 - Tue 2023-04-18
[next week,2,2023-04-07] => 
    Today: 2023-04-07. "next week": Wed 2023-04-12 - Tue 2023-04-18
[next week,2,2023-04-08] => 
    Today: 2023-04-08. "next week": Wed 2023-04-12 - Tue 2023-04-18
[next week,2,2023-04-09] => 
    Today: 2023-04-09. "next week": Wed 2023-04-12 - Tue 2023-04-18
[next week,2,2023-04-10] => 
    Today: 2023-04-10. "next week": Wed 2023-04-12 - Tue 2023-04-18
[next week,2,2023-04-11] => 
    Today: 2023-04-11. "next week": Wed 2023-04-12 - Tue 2023-04-18
[next week,2,2023-04-12] => 
    Today: 2023-04-12. "next week": Wed 2023-04-19 - Tue 2023-04-25
[next week,2,2023-04-13] => 
    Today: 2023-04-13. "next week": Wed 2023-04-19 - Tue 2023-04-25
[next week,2,2023-04-14] => 
    Today: 2023-04-14. "next week": Wed 2023-04-19 - Tue 2023-04-25
[next week,2,2023-04-15] => 
    Today: 2023-04-15. "next week": Wed 2023-04-19 - Tue 2023-04-25
[next week,2,2023-04-16] => 
    Today: 2023-04-16. "next week": Wed 2023-04-19 - Tue 2023-04-25
[next week,3,2023-04-03] => 
    Today: 2023-04-03. "next week": Thu 2023-04-06 - Wed 2023-04-12
[next week,3,2023-04-04] => 
    Today: 2023-04-04. "next week": Thu 2023-04-06 - Wed 2023-04-12
[next week,3,2023-04-05] => 
    Today: 2023-04-05. "next week": Thu 2023-04-06 - Wed 2023-04-12
[next week,3,2023-04-06] => 
    Today: 2023-04-06. "next week": Thu 2023-04-13 - Wed 2023-04-19
[next week,3,2023-04-07] => 
    Today: 2023-04-07. "next week": Thu 2023-04-13 - Wed 2023-04-19
[next week,3,2023-04-08] => 
    Today: 2023-04-08. "next week": Thu 2023-04-13 - Wed 2023-04-19
[next week,3,2023-04-09] => 
    Today: 2023-04-09. "next week": Thu 2023-04-13 - Wed 2023-04-19
[next week,3,2023-04-10] => 
    Today: 2023-04-10. "next week": Thu 2023-04-13 - Wed 2023-04-19
[next week,3,2023-04-11] => 
    Today: 2023-04-11. "next week": Thu 2023-04-13 - Wed 2023-04-19
[next week,3,2023-04-12] => 
    Today: 2023-04-12. "next week": Thu 2023-04-13 - Wed 2023-04-19
[next week,3,2023-04-13] => 
    Today: 2023-04-13. "next week": Thu 2023-04-20 - Wed 2023-04-26
[next week,3,2023-04-14] => 
    Today: 2023-04-14. "next week": Thu 2023-04-20 - Wed 2023-04-26
[next week,3,2023-04-15] => 
    Today: 2023-04-15. "next week": Thu 2023-04-20 - Wed 2023-04-26
[next week,3,2023-04-16] => 
    Today: 2023-04-16. "next week": Thu 2023-04-20 - Wed 2023-04-26
[next week,4,2023-04-03] => 
    Today: 2023-04-03. "next week": Fri 2023-04-07 - Thu 2023-04-13
[next week,4,2023-04-04] => 
    Today: 2023-04-04. "next week": Fri 2023-04-07 - Thu 2023-04-13
[next week,4,2023-04-05] => 
    Today: 2023-04-05. "next week": Fri 2023-04-07 - Thu 2023-04-13
[next week,4,2023-04-06] => 
    Today: 2023-04-06. "next week": Fri 2023-04-07 - Thu 2023-04-13
[next week,4,2023-04-07] => 
    Today: 2023-04-07. "next week": Fri 2023-04-14 - Thu 2023-04-20
[next week,4,2023-04-08] => 
    Today: 2023-04-08. "next week": Fri 2023-04-14 - Thu 2023-04-20
[next week,4,2023-04-09] => 
    Today: 2023-04-09. "next week": Fri 2023-04-14 - Thu 2023-04-20
[next week,4,2023-04-10] => 
    Today: 2023-04-10. "next week": Fri 2023-04-14 - Thu 2023-04-20
[next week,4,2023-04-11] => 
    Today: 2023-04-11. "next week": Fri 2023-04-14 - Thu 2023-04-20
[next week,4,2023-04-12] => 
    Today: 2023-04-12. "next week": Fri 2023-04-14 - Thu 2023-04-20
[next week,4,2023-04-13] => 
    Today: 2023-04-13. "next week": Fri 2023-04-14 - Thu 2023-04-20
[next week,4,2023-04-14] => 
    Today: 2023-04-14. "next week": Fri 2023-04-21 - Thu 2023-04-27
[next week,4,2023-04-15] => 
    Today: 2023-04-15. "next week": Fri 2023-04-21 - Thu 2023-04-27
[next week,4,2023-04-16] => 
    Today: 2023-04-16. "next week": Fri 2023-04-21 - Thu 2023-04-27
[next week,5,2023-04-03] => 
    Today: 2023-04-03. "next week": Sat 2023-04-08 - Fri 2023-04-14
[next week,5,2023-04-04] => 
    Today: 2023-04-04. "next week": Sat 2023-04-08 - Fri 2023-04-14
[next week,5,2023-04-05] => 
    Today: 2023-04-05. "next week": Sat 2023-04-08 - Fri 2023-04-14
[next week,5,2023-04-06] => 
    Today: 2023-04-06. "next week": Sat 2023-04-08 - Fri 2023-04-14
[next week,5,2023-04-07] => 
    Today: 2023-04-07. "next week": Sat 2023-04-08 - Fri 2023-04-14
[next week,5,2023-04-08] => 
    Today: 2023-04-08. "next week": Sat 2023-04-15 - Fri 2023-04-21
[next week,5,2023-04-09] => 
    Today: 2023-04-09. "next week": Sat 2023-04-15 - Fri 2023-04-21
[next week,5,2023-04-10] => 
    Today: 2023-04-10. "next week": Sat 2023-04-15 - Fri 2023-04-21
[next week,5,2023-04-11] => 
    Today: 2023-04-11. "next week": Sat 2023-04-15 - Fri 2023-04-21
[next week,5,2023-04-12] => 
    Today: 2023-04-12. "next week": Sat 2023-04-15 - Fri 2023-04-21
[next week,5,2023-04-13] => 
    Today: 2023-04-13. "next week": Sat 2023-04-15 - Fri 2023-04-21
[next week,5,2023-04-14] => 
    Today: 2023-04-14. "next week": Sat 2023-04-15 - Fri 2023-04-21
[next week,5,2023-04-15] => 
    Today: 2023-04-15. "next week": Sat 2023-04-22 - Fri 2023-04-28
[next week,5,2023-04-16] => 
    Today: 2023-04-16. "next week": Sat 2023-04-22 - Fri 2023-04-28
[next week,6,2023-04-03] => 
    Today: 2023-04-03. "next week": Sun 2023-04-09 - Sat 2023-04-15
[next week,6,2023-04-04] => 
    Today: 2023-04-04. "next week": Sun 2023-04-09 - Sat 2023-04-15
[next week,6,2023-04-05] => 
    Today: 2023-04-05. "next week": Sun 2023-04-09 - Sat 2023-04-15
[next week,6,2023-04-06] => 
    Today: 2023-04-06. "next week": Sun 2023-04-09 - Sat 2023-04-15
[next week,6,2023-04-07] => 
    Today: 2023-04-07. "next week": Sun 2023-04-09 - Sat 2023-04-15
[next week,6,2023-04-08] => 
    Today: 2023-04-08. "next week": Sun 2023-04-09 - Sat 2023-04-15
[next week,6,2023-04-09] => 
    Today: 2023-04-09. "next week": Sun 2023-04-16 - Sat 2023-04-22
[next week,6,2023-04-10] => 
    Today: 2023-04-10. "next week": Sun 2023-04-16 - Sat 2023-04-22
[next week,6,2023-04-11] => 
    Today: 2023-04-11. "next week": Sun 2023-04-16 - Sat 2023-04-22
[next week,6,2023-04-12] => 
    Today: 2023-04-12. "next week": Sun 2023-04-16 - Sat 2023-04-22
[next week,6,2023-04-13] => 
    Today: 2023-04-13. "next week": Sun 2023-04-16 - Sat 2023-04-22
[next week,6,2023-04-14] => 
    Today: 2023-04-14. "next week": Sun 2023-04-16 - Sat 2023-04-22
[next week,6,2023-04-15] => 
    Today: 2023-04-15. "next week": Sun 2023-04-16 - Sat 2023-04-22
[next week,6,2023-04-16] => 
    Today: 2023-04-16. "next week": Sun 2023-04-23 - Sat 2023-04-29
[2023-W12,0,2023-04-03] => 
    Today: 2023-04-03. "2023-W12": Mon 2023-03-20 - Sun 2023-03-26
[2023-W12,0,2023-04-04] => 
    Today: 2023-04-04. "2023-W12": Mon 2023-03-20 - Sun 2023-03-26
[2023-W12,0,2023-04-05] => 
    Today: 2023-04-05. "2023-W12": Mon 2023-03-20 - Sun 2023-03-26
[2023-W12,0,2023-04-06] => 
    Today: 2023-04-06. "2023-W12": Mon 2023-03-20 - Sun 2023-03-26
[2023-W12,0,2023-04-07] => 
    Today: 2023-04-07. "2023-W12": Mon 2023-03-20 - Sun 2023-03-26
[2023-W12,0,2023-04-08] => 
    Today: 2023-04-08. "2023-W12": Mon 2023-03-20 - Sun 2023-03-26
[2023-W12,0,2023-04-09] => 
    Today: 2023-04-09. "2023-W12": Mon 2023-03-20 - Sun 2023-03-26
[2023-W12,0,2023-04-10] => 
    Today: 2023-04-10. "2023-W12": Mon 2023-03-20 - Sun 2023-03-26
[2023-W12,0,2023-04-11] => 
    Today: 2023-04-11. "2023-W12": Mon 2023-03-20 - Sun 2023-03-26
[2023-W12,0,2023-04-12] => 
    Today: 2023-04-12. "2023-W12": Mon 2023-03-20 - Sun 2023-03-26
[2023-W12,0,2023-04-13] => 
    Today: 2023-04-13. "2023-W12": Mon 2023-03-20 - Sun 2023-03-26
[2023-W12,0,2023-04-14] => 
    Today: 2023-04-14. "2023-W12": Mon 2023-03-20 - Sun 2023-03-26
[2023-W12,0,2023-04-15] => 
    Today: 2023-04-15. "2023-W12": Mon 2023-03-20 - Sun 2023-03-26
[2023-W12,0,2023-04-16] => 
    Today: 2023-04-16. "2023-W12": Mon 2023-03-20 - Sun 2023-03-26
[2023-W12,1,2023-04-03] => 
    Today: 2023-04-03. "2023-W12": Mon 2023-03-20 - Sun 2023-03-26
[2023-W12,1,2023-04-04] => 
    Today: 2023-04-04. "2023-W12": Mon 2023-03-20 - Sun 2023-03-26
[2023-W12,1,2023-04-05] => 
    Today: 2023-04-05. "2023-W12": Mon 2023-03-20 - Sun 2023-03-26
[2023-W12,1,2023-04-06] => 
    Today: 2023-04-06. "2023-W12": Mon 2023-03-20 - Sun 2023-03-26
[2023-W12,1,2023-04-07] => 
    Today: 2023-04-07. "2023-W12": Mon 2023-03-20 - Sun 2023-03-26
[2023-W12,1,2023-04-08] => 
    Today: 2023-04-08. "2023-W12": Mon 2023-03-20 - Sun 2023-03-26
[2023-W12,1,2023-04-09] => 
    Today: 2023-04-09. "2023-W12": Mon 2023-03-20 - Sun 2023-03-26
[2023-W12,1,2023-04-10] => 
    Today: 2023-04-10. "2023-W12": Mon 2023-03-20 - Sun 2023-03-26
[2023-W12,1,2023-04-11] => 
    Today: 2023-04-11. "2023-W12": Mon 2023-03-20 - Sun 2023-03-26
[2023-W12,1,2023-04-12] => 
    Today: 2023-04-12. "2023-W12": Mon 2023-03-20 - Sun 2023-03-26
[2023-W12,1,2023-04-13] => 
    Today: 2023-04-13. "2023-W12": Mon 2023-03-20 - Sun 2023-03-26
[2023-W12,1,2023-04-14] => 
    Today: 2023-04-14. "2023-W12": Mon 2023-03-20 - Sun 2023-03-26
[2023-W12,1,2023-04-15] => 
    Today: 2023-04-15. "2023-W12": Mon 2023-03-20 - Sun 2023-03-26
[2023-W12,1,2023-04-16] => 
    Today: 2023-04-16. "2023-W12": Mon 2023-03-20 - Sun 2023-03-26
[2023-W12,2,2023-04-03] => 
    Today: 2023-04-03. "2023-W12": Mon 2023-03-20 - Sun 2023-03-26
[2023-W12,2,2023-04-04] => 
    Today: 2023-04-04. "2023-W12": Mon 2023-03-20 - Sun 2023-03-26
[2023-W12,2,2023-04-05] => 
    Today: 2023-04-05. "2023-W12": Mon 2023-03-20 - Sun 2023-03-26
[2023-W12,2,2023-04-06] => 
    Today: 2023-04-06. "2023-W12": Mon 2023-03-20 - Sun 2023-03-26
[2023-W12,2,2023-04-07] => 
    Today: 2023-04-07. "2023-W12": Mon 2023-03-20 - Sun 2023-03-26
[2023-W12,2,2023-04-08] => 
    Today: 2023-04-08. "2023-W12": Mon 2023-03-20 - Sun 2023-03-26
[2023-W12,2,2023-04-09] => 
    Today: 2023-04-09. "2023-W12": Mon 2023-03-20 - Sun 2023-03-26
[2023-W12,2,2023-04-10] => 
    Today: 2023-04-10. "2023-W12": Mon 2023-03-20 - Sun 2023-03-26
[2023-W12,2,2023-04-11] => 
    Today: 2023-04-11. "2023-W12": Mon 2023-03-20 - Sun 2023-03-26
[2023-W12,2,2023-04-12] => 
    Today: 2023-04-12. "2023-W12": Mon 2023-03-20 - Sun 2023-03-26
[2023-W12,2,2023-04-13] => 
    Today: 2023-04-13. "2023-W12": Mon 2023-03-20 - Sun 2023-03-26
[2023-W12,2,2023-04-14] => 
    Today: 2023-04-14. "2023-W12": Mon 2023-03-20 - Sun 2023-03-26
[2023-W12,2,2023-04-15] => 
    Today: 2023-04-15. "2023-W12": Mon 2023-03-20 - Sun 2023-03-26
[2023-W12,2,2023-04-16] => 
    Today: 2023-04-16. "2023-W12": Mon 2023-03-20 - Sun 2023-03-26
[2023-W12,3,2023-04-03] => 
    Today: 2023-04-03. "2023-W12": Mon 2023-03-20 - Sun 2023-03-26
[2023-W12,3,2023-04-04] => 
    Today: 2023-04-04. "2023-W12": Mon 2023-03-20 - Sun 2023-03-26
[2023-W12,3,2023-04-05] => 
    Today: 2023-04-05. "2023-W12": Mon 2023-03-20 - Sun 2023-03-26
[2023-W12,3,2023-04-06] => 
    Today: 2023-04-06. "2023-W12": Mon 2023-03-20 - Sun 2023-03-26
[2023-W12,3,2023-04-07] => 
    Today: 2023-04-07. "2023-W12": Mon 2023-03-20 - Sun 2023-03-26
[2023-W12,3,2023-04-08] => 
    Today: 2023-04-08. "2023-W12": Mon 2023-03-20 - Sun 2023-03-26
[2023-W12,3,2023-04-09] => 
    Today: 2023-04-09. "2023-W12": Mon 2023-03-20 - Sun 2023-03-26
[2023-W12,3,2023-04-10] => 
    Today: 2023-04-10. "2023-W12": Mon 2023-03-20 - Sun 2023-03-26
[2023-W12,3,2023-04-11] => 
    Today: 2023-04-11. "2023-W12": Mon 2023-03-20 - Sun 2023-03-26
[2023-W12,3,2023-04-12] => 
    Today: 2023-04-12. "2023-W12": Mon 2023-03-20 - Sun 2023-03-26
[2023-W12,3,2023-04-13] => 
    Today: 2023-04-13. "2023-W12": Mon 2023-03-20 - Sun 2023-03-26
[2023-W12,3,2023-04-14] => 
    Today: 2023-04-14. "2023-W12": Mon 2023-03-20 - Sun 2023-03-26
[2023-W12,3,2023-04-15] => 
    Today: 2023-04-15. "2023-W12": Mon 2023-03-20 - Sun 2023-03-26
[2023-W12,3,2023-04-16] => 
    Today: 2023-04-16. "2023-W12": Mon 2023-03-20 - Sun 2023-03-26
[2023-W12,4,2023-04-03] => 
    Today: 2023-04-03. "2023-W12": Mon 2023-03-20 - Sun 2023-03-26
[2023-W12,4,2023-04-04] => 
    Today: 2023-04-04. "2023-W12": Mon 2023-03-20 - Sun 2023-03-26
[2023-W12,4,2023-04-05] => 
    Today: 2023-04-05. "2023-W12": Mon 2023-03-20 - Sun 2023-03-26
[2023-W12,4,2023-04-06] => 
    Today: 2023-04-06. "2023-W12": Mon 2023-03-20 - Sun 2023-03-26
[2023-W12,4,2023-04-07] => 
    Today: 2023-04-07. "2023-W12": Mon 2023-03-20 - Sun 2023-03-26
[2023-W12,4,2023-04-08] => 
    Today: 2023-04-08. "2023-W12": Mon 2023-03-20 - Sun 2023-03-26
[2023-W12,4,2023-04-09] => 
    Today: 2023-04-09. "2023-W12": Mon 2023-03-20 - Sun 2023-03-26
[2023-W12,4,2023-04-10] => 
    Today: 2023-04-10. "2023-W12": Mon 2023-03-20 - Sun 2023-03-26
[2023-W12,4,2023-04-11] => 
    Today: 2023-04-11. "2023-W12": Mon 2023-03-20 - Sun 2023-03-26
[2023-W12,4,2023-04-12] => 
    Today: 2023-04-12. "2023-W12": Mon 2023-03-20 - Sun 2023-03-26
[2023-W12,4,2023-04-13] => 
    Today: 2023-04-13. "2023-W12": Mon 2023-03-20 - Sun 2023-03-26
[2023-W12,4,2023-04-14] => 
    Today: 2023-04-14. "2023-W12": Mon 2023-03-20 - Sun 2023-03-26
[2023-W12,4,2023-04-15] => 
    Today: 2023-04-15. "2023-W12": Mon 2023-03-20 - Sun 2023-03-26
[2023-W12,4,2023-04-16] => 
    Today: 2023-04-16. "2023-W12": Mon 2023-03-20 - Sun 2023-03-26
[2023-W12,5,2023-04-03] => 
    Today: 2023-04-03. "2023-W12": Mon 2023-03-20 - Sun 2023-03-26
[2023-W12,5,2023-04-04] => 
    Today: 2023-04-04. "2023-W12": Mon 2023-03-20 - Sun 2023-03-26
[2023-W12,5,2023-04-05] => 
    Today: 2023-04-05. "2023-W12": Mon 2023-03-20 - Sun 2023-03-26
[2023-W12,5,2023-04-06] => 
    Today: 2023-04-06. "2023-W12": Mon 2023-03-20 - Sun 2023-03-26
[2023-W12,5,2023-04-07] => 
    Today: 2023-04-07. "2023-W12": Mon 2023-03-20 - Sun 2023-03-26
[2023-W12,5,2023-04-08] => 
    Today: 2023-04-08. "2023-W12": Mon 2023-03-20 - Sun 2023-03-26
[2023-W12,5,2023-04-09] => 
    Today: 2023-04-09. "2023-W12": Mon 2023-03-20 - Sun 2023-03-26
[2023-W12,5,2023-04-10] => 
    Today: 2023-04-10. "2023-W12": Mon 2023-03-20 - Sun 2023-03-26
[2023-W12,5,2023-04-11] => 
    Today: 2023-04-11. "2023-W12": Mon 2023-03-20 - Sun 2023-03-26
[2023-W12,5,2023-04-12] => 
    Today: 2023-04-12. "2023-W12": Mon 2023-03-20 - Sun 2023-03-26
[2023-W12,5,2023-04-13] => 
    Today: 2023-04-13. "2023-W12": Mon 2023-03-20 - Sun 2023-03-26
[2023-W12,5,2023-04-14] => 
    Today: 2023-04-14. "2023-W12": Mon 2023-03-20 - Sun 2023-03-26
[2023-W12,5,2023-04-15] => 
    Today: 2023-04-15. "2023-W12": Mon 2023-03-20 - Sun 2023-03-26
[2023-W12,5,2023-04-16] => 
    Today: 2023-04-16. "2023-W12": Mon 2023-03-20 - Sun 2023-03-26
[2023-W12,6,2023-04-03] => 
    Today: 2023-04-03. "2023-W12": Mon 2023-03-20 - Sun 2023-03-26
[2023-W12,6,2023-04-04] => 
    Today: 2023-04-04. "2023-W12": Mon 2023-03-20 - Sun 2023-03-26
[2023-W12,6,2023-04-05] => 
    Today: 2023-04-05. "2023-W12": Mon 2023-03-20 - Sun 2023-03-26
[2023-W12,6,2023-04-06] => 
    Today: 2023-04-06. "2023-W12": Mon 2023-03-20 - Sun 2023-03-26
[2023-W12,6,2023-04-07] => 
    Today: 2023-04-07. "2023-W12": Mon 2023-03-20 - Sun 2023-03-26
[2023-W12,6,2023-04-08] => 
    Today: 2023-04-08. "2023-W12": Mon 2023-03-20 - Sun 2023-03-26
[2023-W12,6,2023-04-09] => 
    Today: 2023-04-09. "2023-W12": Mon 2023-03-20 - Sun 2023-03-26
[2023-W12,6,2023-04-10] => 
    Today: 2023-04-10. "2023-W12": Mon 2023-03-20 - Sun 2023-03-26
[2023-W12,6,2023-04-11] => 
    Today: 2023-04-11. "2023-W12": Mon 2023-03-20 - Sun 2023-03-26
[2023-W12,6,2023-04-12] => 
    Today: 2023-04-12. "2023-W12": Mon 2023-03-20 - Sun 2023-03-26
[2023-W12,6,2023-04-13] => 
    Today: 2023-04-13. "2023-W12": Mon 2023-03-20 - Sun 2023-03-26
[2023-W12,6,2023-04-14] => 
    Today: 2023-04-14. "2023-W12": Mon 2023-03-20 - Sun 2023-03-26
[2023-W12,6,2023-04-15] => 
    Today: 2023-04-15. "2023-W12": Mon 2023-03-20 - Sun 2023-03-26
[2023-W12,6,2023-04-16] => 
    Today: 2023-04-16. "2023-W12": Mon 2023-03-20 - Sun 2023-03-26
