{
  "query": {
    "file": {
      "_path": "a/b/c.md"
    }
  }
}
