due in 2023-02-07 2023-02-11

Before the range (2023-02-06) is out
Start of the range (2023-02-07) is in
Middle of the range (2023-02-10) is in
End of the range (2023-02-11) is in
After the range (2023-02-12) is out
