due before 2023-02-07 2023-02-11

Before the range (2023-02-06) is in
Start of the range (2023-02-07) is out
Middle of the range (2023-02-10) is out
End of the range (2023-02-11) is out
After the range (2023-02-12) is out
